
> resume-builder@0.1.0 test
> jest __tests__/context/resume-context.test.tsx

node.exe : FAIL __tests__/context
/resume-context.test.tsx
At line:1 char:1
+ & "C:\Program 
Files\nodejs/node.exe" 
"C:\Users\sathr\AppData\Roaming\ 
...
+ ~~~~~~~~~~~~~~~~~~~~~~~~~~~~~~~
~~~~~~~~~~~~~~~~~~~~~~~~~~~~~~~~~
~~~~~
    + CategoryInfo          : No 
   tSpecified: (FAIL __tests__/  
  ...ontext.test.tsx:String) [   
 ], RemoteException
    + FullyQualifiedErrorId : Na 
   tiveCommandError
 
  ΓùÅ Test suite failed to run

    Cannot find module 
'@/hooks/use-keyboard-shortcuts' 
from '__tests__/context/resume-co
ntext.test.tsx'

    [0m [90m 16 |[39m 
}))[33m;[39m
     [90m 17 |[39m
    [31m[1m>[22m[39m[90m 18 
|[39m jest[33m.[39mmock([32m"
@/hooks/use-keyboard-shortcuts"[
39m[33m,[39m () [33m=>[39m ({
     [90m    |[39m      
[31m[1m^[22m[39m
     [90m 19 |[39m   
useKeyboardShortcuts[33m:[39m 
jest[33m.[39mfn()[33m,[39m
     [90m 20 |[39m 
}))[33m;[39m
     [90m 21 |[39m[0m

      at 
Resolver._throwModNotFoundError (
node_modules/jest-resolve/build/i
ndex.js:863:11)
      at Object.mock (__tests__/c
ontext/resume-context.test.tsx:18
:6)

---------------------------------|---------|----------|---------|---------|-------------------
File                             | % Stmts | % Branch | % Funcs | % Lines | Uncovered Line #s 
---------------------------------|---------|----------|---------|---------|-------------------
All files                        |       0 |        0 |       0 |       0 |                   
 app                             |       0 |        0 |       0 |       0 |                   
  layout.tsx                     |       0 |        0 |       0 |       0 | 1-120             
  page.tsx                       |       0 |        0 |       0 |       0 | 1-186             
  robots.ts                      |       0 |        0 |       0 |       0 | 1-15              
  sitemap.ts                     |       0 |        0 |       0 |       0 | 1-54              
 app/about                       |       0 |        0 |       0 |       0 |                   
  page.tsx                       |       0 |        0 |       0 |       0 | 1-207             
 app/api/ai-keys                 |       0 |        0 |       0 |       0 |                   
  route.ts                       |       0 |        0 |       0 |       0 | 1-121             
 app/api/ai/analyze-linkedin     |       0 |        0 |       0 |       0 |                   
  route.ts                       |       0 |        0 |       0 |       0 | 1-56              
 app/api/ai/analyze-resume       |       0 |        0 |       0 |       0 |                   
  route.ts                       |       0 |        0 |       0 |       0 | 1-55              
 app/api/ai/optimize-job         |       0 |        0 |       0 |       0 |                   
  route.ts                       |       0 |        0 |       0 |       0 | 1-62              
 app/api/ai/rewrite              |       0 |        0 |       0 |       0 |                   
  route.ts                       |       0 |        0 |       0 |       0 | 1-57              
 app/api/ai/summarize            |       0 |        0 |       0 |       0 |                   
  route.ts                       |       0 |        0 |       0 |       0 | 1-56              
 app/api/contact                 |       0 |        0 |       0 |       0 |                   
  route.ts                       |       0 |        0 |       0 |       0 | 1-79              
 app/blog                        |       0 |        0 |       0 |       0 |                   
  page.tsx                       |       0 |        0 |       0 |       0 | 1-160             
 app/blog/[slug]                 |       0 |        0 |       0 |       0 |                   
  page.tsx                       |       0 |        0 |       0 |       0 | 1-245             
 app/builder                     |       0 |        0 |       0 |       0 |                   
  page.tsx                       |       0 |        0 |       0 |       0 | 1-57              
 app/contact                     |       0 |        0 |       0 |       0 |                   
  page.tsx                       |       0 |        0 |       0 |       0 | 1-179             
 app/legal                       |       0 |        0 |       0 |       0 |                   
  page.tsx                       |       0 |        0 |       0 |       0 | 1-60              
 app/terms                       |       0 |        0 |       0 |       0 |                   
  page.tsx                       |       0 |        0 |       0 |       0 | 1-60              
 components                      |       0 |        0 |       0 |       0 |                   
  ats-score.tsx                  |       0 |        0 |       0 |       0 | 1-67              
  paginated-resume.tsx           |       0 |        0 |       0 |       0 | 1-125             
  resume-builder.tsx             |       0 |        0 |       0 |       0 | 1-165             
  resume-form.tsx                |       0 |        0 |       0 |       0 | 1-171             
  resume-preview.tsx             |       0 |        0 |       0 |       0 | 1-31              
  site-layout.tsx                |       0 |        0 |       0 |       0 | 1-22              
  template-selector.tsx          |       0 |        0 |       0 |       0 | 1-111             
 components/ai                   |       0 |        0 |       0 |       0 |                   
  ai-badge.tsx                   |       0 |        0 |       0 |       0 | 1-47              
  ai-button.tsx                  |       0 |        0 |       0 |       0 | 1-61              
  api-key-modal.tsx              |       0 |        0 |       0 |       0 | 1-140             
  api-key-settings.tsx           |       0 |        0 |       0 |       0 | 1-238             
  content-ai-toolbar.tsx         |       0 |        0 |       0 |       0 | 1-152             
  description-rewrite-button.tsx |       0 |        0 |       0 |       0 | 1-201             
  job-optimizer-panel.tsx        |       0 |        0 |       0 |       0 | 1-213             
  length-selector.tsx            |       0 |        0 |       0 |       0 | 1-55              
  linkedin-analyzer.tsx          |       0 |        0 |       0 |       0 | 1-345             
  optimization-preview.tsx       |       0 |        0 |       0 |       0 | 1-295             
  resume-ai-panel.tsx            |       0 |        0 |       0 |       0 | 1-134             
 components/forms                |       0 |        0 |       0 |       0 |                   
  award-form.tsx                 |       0 |        0 |       0 |       0 | 1-111             
  certification-form.tsx         |       0 |        0 |       0 |       0 | 1-98              
  education-form.tsx             |       0 |        0 |       0 |       0 | 1-110             
  experience-form.tsx            |       0 |        0 |       0 |       0 | 1-160             
  language-form.tsx              |       0 |        0 |       0 |       0 | 1-108             
  personal-info-form.tsx         |       0 |        0 |       0 |       0 | 1-116             
  projects-form.tsx              |       0 |        0 |       0 |       0 | 1-125             
  skills-form.tsx                |       0 |        0 |       0 |       0 | 1-111             
  volunteer-form.tsx             |       0 |        0 |       0 |       0 | 1-132             
 components/landing              |       0 |        0 |       0 |       0 |                   
  cta-section.tsx                |       0 |        0 |       0 |       0 | 1-50              
  faq-section.tsx                |       0 |        0 |       0 |       0 | 1-114             
  features.tsx                   |       0 |        0 |       0 |       0 | 1-180             
  footer.tsx                     |       0 |        0 |       0 |       0 | 1-67              
  hero.tsx                       |       0 |        0 |       0 |       0 | 1-114             
  navbar.tsx                     |       0 |        0 |       0 |       0 | 1-140             
  social-proof.tsx               |       0 |        0 |       0 |       0 | 1-38              
  value-proposition.tsx          |       0 |        0 |       0 |       0 | 1-134             
 components/resume-builder       |       0 |        0 |       0 |       0 |                   
  mobile-toolbar.tsx             |       0 |        0 |       0 |       0 | 1-127             
 components/templates            |       0 |        0 |       0 |       0 |                   
  classic-template.tsx           |       0 |        0 |       0 |       0 | 1-252             
  index.ts                       |       0 |        0 |       0 |       0 | 1-4               
  modern-template.tsx            |       0 |        0 |       0 |       0 | 1-251             
  professional-template.tsx      |       0 |        0 |       0 |       0 | 1-260             
  resume-page.tsx                |       0 |        0 |       0 |       0 | 1-48              
 components/ui                   |       0 |        0 |       0 |       0 |                   
  badge.tsx                      |       0 |        0 |       0 |       0 | 1-26              
  button.tsx                     |       0 |        0 |       0 |       0 | 1-36              
  card.tsx                       |       0 |        0 |       0 |       0 | 1-78              
  clear-data-dialog.tsx          |       0 |        0 |       0 |       0 | 1-144             
  confirm-dialog.tsx             |       0 |        0 |       0 |       0 | 1-157             
  input.tsx                      |       0 |        0 |       0 |       0 | 1-24              
  label.tsx                      |       0 |        0 |       0 |       0 | 1-21              
  save-status-indicator.tsx      |       0 |        0 |       0 |       0 | 1-70              
  select.tsx                     |       0 |        0 |       0 |       0 | 1-161             
  textarea.tsx                   |       0 |        0 |       0 |       0 | 1-23              
  undo-redo-controls.tsx         |       0 |        0 |       0 |       0 | 1-56              
  zoom-controls.tsx              |       0 |        0 |       0 |       0 | 1-55              
 context                         |       0 |        0 |       0 |       0 |                   
  ai-context.tsx                 |       0 |        0 |       0 |       0 | 1-254             
  resume-context.tsx             |       0 |        0 |       0 |       0 | 1-522             
  template-context.tsx           |       0 |        0 |       0 |       0 | 1-66              
 hooks                           |       0 |        0 |       0 |       0 |                   
  use-ai-features.ts             |       0 |        0 |       0 |       0 | 1-278             
  use-history.ts                 |       0 |        0 |       0 |       0 | 1-242             
  use-keyboard-shortcuts.ts      |       0 |        0 |       0 |       0 | 1-123             
  use-pagination.ts              |       0 |        0 |       0 |       0 | 1-65              
 lib                             |       0 |        0 |       0 |       0 |                   
  ai-prompts.ts                  |       0 |        0 |       0 |       0 | 1-296             
  ats-analyzer.ts                |       0 |        0 |       0 |       0 | 1-86              
  blog.ts                        |       0 |        0 |       0 |       0 | 1-432             
  text-humanizer.ts              |       0 |        0 |       0 |       0 | 1-117             
  utils.ts                       |       0 |        0 |       0 |       0 | 1-6               
 lib/client                      |       0 |        0 |       0 |       0 |                   
  client-api-key-store.ts        |       0 |        0 |       0 |       0 | 1-214             
  debounce-ai-calls.ts           |       0 |        0 |       0 |       0 | 1-130             
  index.ts                       |       0 |        0 |       0 |       0 | 1-7               
  resume-persistence.ts          |       0 |        0 |       0 |       0 | 1-353             
  secure-storage.ts              |       0 |        0 |       0 |       0 | 1-218             
 lib/security                    |       0 |        0 |       0 |       0 |                   
  index.ts                       |       0 |        0 |       0 |       0 | 1-5               
  input-sanitizer.ts             |       0 |        0 |       0 |       0 | 1-194             
  security-headers.ts            |       0 |        0 |       0 |       0 | 1-94              
 lib/server                      |       0 |        0 |       0 |       0 |                   
  ai-service.ts                  |       0 |        0 |       0 |       0 | 1-243             
  api-key-store.ts               |       0 |        0 |       0 |       0 | 1-142             
  encryption.ts                  |       0 |        0 |       0 |       0 | 1-120             
  gemini-client.ts               |       0 |        0 |       0 |       0 | 1-173             
  rate-limiter.ts                |       0 |        0 |       0 |       0 | 1-140             
---------------------------------|---------|----------|---------|---------|-------------------
Test Suites: 1 failed, 1 total
Tests:       0 total
Snapshots:   0 total
Time:        1.408 s
Ran all test suites matching __te
sts__/context/resume-context.test
.tsx.
